// Jest Snapshot v1, https://goo.gl/fbAQLP

exports[`<Button /> should matches the snapshot 1`] = `[Function]`;
